Archive member included to satisfy reference by file (symbol)

/Users/rosco/Development/rosco-m68k/rosco_m68k/code/software/libs/build/lib/libprintf.a(printf-nofloat.o)
                              kmain.o (printf_)
/Users/rosco/Development/rosco-m68k/rosco_m68k/code/software/libs/build/lib/libprintf.a(putchar.o)
                              /Users/rosco/Development/rosco-m68k/rosco_m68k/code/software/libs/build/lib/libprintf.a(printf-nofloat.o) (_putchar)
/Users/rosco/Development/rosco-m68k/rosco_m68k/code/software/libs/build/lib/libmachine.a(machine.o)
                              kmain.o (mcCheckInput)
/Users/rosco/Development/rosco-m68k/rosco_m68k/code/software/libs/build/lib/libstart_serial.a(init.o)
                              (_start)
/Users/rosco/Development/rosco-m68k/rosco_m68k/code/software/libs/build/lib/libstart_serial.a(kinit.o)
                              /Users/rosco/Development/rosco-m68k/rosco_m68k/code/software/libs/build/lib/libstart_serial.a(init.o) (__kinit)
/usr/local/Cellar/gcc-cross-m68k@13/13.1.0/lib/gcc/m68k-elf/13.1.0/m68000//libgcc.a(_udivsi3.o)
                              kmain.o (__udivsi3)
/usr/local/Cellar/gcc-cross-m68k@13/13.1.0/lib/gcc/m68k-elf/13.1.0/m68000//libgcc.a(_divsi3.o)
                              kmain.o (__divsi3)
/usr/local/Cellar/gcc-cross-m68k@13/13.1.0/lib/gcc/m68k-elf/13.1.0/m68000//libgcc.a(_umodsi3.o)
                              kmain.o (__umodsi3)
/usr/local/Cellar/gcc-cross-m68k@13/13.1.0/lib/gcc/m68k-elf/13.1.0/m68000//libgcc.a(_mulsi3.o)
                              /usr/local/Cellar/gcc-cross-m68k@13/13.1.0/lib/gcc/m68k-elf/13.1.0/m68000//libgcc.a(_umodsi3.o) (__mulsi3_internal)

Discarded input sections

 .text          0x00000000        0x0 kmain.o
 .data          0x00000000        0x0 kmain.o
 .bss           0x00000000        0x0 kmain.o
 .text.onboard_stack
                0x00000000        0x2 kmain.o
 .rodata.each_megabyte_test.str1.1
                0x00000000       0x89 kmain.o
 .text.each_megabyte_test
                0x00000000      0x10c kmain.o
 .rodata.bank_test.str1.1
                0x00000000       0xda kmain.o
 .text.bank_test
                0x00000000      0x148 kmain.o
 .text          0x00000000        0x0 /Users/rosco/Development/rosco-m68k/rosco_m68k/code/software/libs/build/lib/libprintf.a(printf-nofloat.o)
 .data          0x00000000        0x0 /Users/rosco/Development/rosco-m68k/rosco_m68k/code/software/libs/build/lib/libprintf.a(printf-nofloat.o)
 .bss           0x00000000        0x0 /Users/rosco/Development/rosco-m68k/rosco_m68k/code/software/libs/build/lib/libprintf.a(printf-nofloat.o)
 .text._out_buffer
                0x00000000       0x18 /Users/rosco/Development/rosco-m68k/rosco_m68k/code/software/libs/build/lib/libprintf.a(printf-nofloat.o)
 .text._out_fct
                0x00000000       0x20 /Users/rosco/Development/rosco-m68k/rosco_m68k/code/software/libs/build/lib/libprintf.a(printf-nofloat.o)
 .text.sprintf_
                0x00000000       0x28 /Users/rosco/Development/rosco-m68k/rosco_m68k/code/software/libs/build/lib/libprintf.a(printf-nofloat.o)
 .text.snprintf_
                0x00000000       0x28 /Users/rosco/Development/rosco-m68k/rosco_m68k/code/software/libs/build/lib/libprintf.a(printf-nofloat.o)
 .text.vprintf_
                0x00000000       0x28 /Users/rosco/Development/rosco-m68k/rosco_m68k/code/software/libs/build/lib/libprintf.a(printf-nofloat.o)
 .text.vsnprintf_
                0x00000000       0x22 /Users/rosco/Development/rosco-m68k/rosco_m68k/code/software/libs/build/lib/libprintf.a(printf-nofloat.o)
 .text.fctprintf
                0x00000000       0x34 /Users/rosco/Development/rosco-m68k/rosco_m68k/code/software/libs/build/lib/libprintf.a(printf-nofloat.o)
 .text          0x00000000        0x0 /Users/rosco/Development/rosco-m68k/rosco_m68k/code/software/libs/build/lib/libprintf.a(putchar.o)
 .data          0x00000000        0x0 /Users/rosco/Development/rosco-m68k/rosco_m68k/code/software/libs/build/lib/libprintf.a(putchar.o)
 .bss           0x00000000        0x0 /Users/rosco/Development/rosco-m68k/rosco_m68k/code/software/libs/build/lib/libprintf.a(putchar.o)
 .text.mcPrintln
                0x00000000       0x12 /Users/rosco/Development/rosco-m68k/rosco_m68k/code/software/libs/build/lib/libmachine.a(machine.o)
 .text.mcPrintchar
                0x00000000       0x12 /Users/rosco/Development/rosco-m68k/rosco_m68k/code/software/libs/build/lib/libmachine.a(machine.o)
 .text.mcSetcursor
                0x00000000        0xe /Users/rosco/Development/rosco-m68k/rosco_m68k/code/software/libs/build/lib/libmachine.a(machine.o)
 .text.mcSendchar
                0x00000000       0x12 /Users/rosco/Development/rosco-m68k/rosco_m68k/code/software/libs/build/lib/libmachine.a(machine.o)
 .text.mcReadchar
                0x00000000        0xa /Users/rosco/Development/rosco-m68k/rosco_m68k/code/software/libs/build/lib/libmachine.a(machine.o)
 .text.mcCheckchar
                0x00000000        0xe /Users/rosco/Development/rosco-m68k/rosco_m68k/code/software/libs/build/lib/libmachine.a(machine.o)
 .text.mcBusywait
                0x00000000        0xc /Users/rosco/Development/rosco-m68k/rosco_m68k/code/software/libs/build/lib/libmachine.a(machine.o)
 .text.mcDelaymsec10
                0x00000000       0x10 /Users/rosco/Development/rosco-m68k/rosco_m68k/code/software/libs/build/lib/libmachine.a(machine.o)
 .text.mcDisableInterrupts
                0x00000000        0xe /Users/rosco/Development/rosco-m68k/rosco_m68k/code/software/libs/build/lib/libmachine.a(machine.o)
 .text.mcEnableInterrupts
                0x00000000       0x1e /Users/rosco/Development/rosco-m68k/rosco_m68k/code/software/libs/build/lib/libmachine.a(machine.o)
 .text.mcHalt   0x00000000        0x6 /Users/rosco/Development/rosco-m68k/rosco_m68k/code/software/libs/build/lib/libmachine.a(machine.o)
 .text.mcCheckDeviceSupport
                0x00000000       0x16 /Users/rosco/Development/rosco-m68k/rosco_m68k/code/software/libs/build/lib/libmachine.a(machine.o)
 .text.mcGetDeviceCount
                0x00000000        0xa /Users/rosco/Development/rosco-m68k/rosco_m68k/code/software/libs/build/lib/libmachine.a(machine.o)
 .text.mcGetDevice
                0x00000000       0x12 /Users/rosco/Development/rosco-m68k/rosco_m68k/code/software/libs/build/lib/libmachine.a(machine.o)
 .text.mcAddDevice
                0x00000000        0xe /Users/rosco/Development/rosco-m68k/rosco_m68k/code/software/libs/build/lib/libmachine.a(machine.o)
 .text.mcCheckDevice
                0x00000000        0xe /Users/rosco/Development/rosco-m68k/rosco_m68k/code/software/libs/build/lib/libmachine.a(machine.o)
 .text.mcReadDevice
                0x00000000        0xe /Users/rosco/Development/rosco-m68k/rosco_m68k/code/software/libs/build/lib/libmachine.a(machine.o)
 .text.mcSendDevice
                0x00000000       0x12 /Users/rosco/Development/rosco-m68k/rosco_m68k/code/software/libs/build/lib/libmachine.a(machine.o)
 .text.mcDeviceCtrl
                0x00000000       0x32 /Users/rosco/Development/rosco-m68k/rosco_m68k/code/software/libs/build/lib/libmachine.a(machine.o)
 .text          0x00000000        0x0 /Users/rosco/Development/rosco-m68k/rosco_m68k/code/software/libs/build/lib/libstart_serial.a(kinit.o)
 .data          0x00000000        0x0 /Users/rosco/Development/rosco-m68k/rosco_m68k/code/software/libs/build/lib/libstart_serial.a(kinit.o)
 .bss           0x00000000        0x0 /Users/rosco/Development/rosco-m68k/rosco_m68k/code/software/libs/build/lib/libstart_serial.a(kinit.o)
 .text.__cxa_atexit
                0x00000000       0x4c /Users/rosco/Development/rosco-m68k/rosco_m68k/code/software/libs/build/lib/libstart_serial.a(kinit.o)
 .bss.__dso_handle
                0x00000000        0x4 /Users/rosco/Development/rosco-m68k/rosco_m68k/code/software/libs/build/lib/libstart_serial.a(kinit.o)
 .data          0x00000000        0x0 /usr/local/Cellar/gcc-cross-m68k@13/13.1.0/lib/gcc/m68k-elf/13.1.0/m68000//libgcc.a(_udivsi3.o)
 .bss           0x00000000        0x0 /usr/local/Cellar/gcc-cross-m68k@13/13.1.0/lib/gcc/m68k-elf/13.1.0/m68000//libgcc.a(_udivsi3.o)
 .text          0x00000000       0x2e /usr/local/Cellar/gcc-cross-m68k@13/13.1.0/lib/gcc/m68k-elf/13.1.0/m68000//libgcc.a(_divsi3.o)
 .data          0x00000000        0x0 /usr/local/Cellar/gcc-cross-m68k@13/13.1.0/lib/gcc/m68k-elf/13.1.0/m68000//libgcc.a(_divsi3.o)
 .bss           0x00000000        0x0 /usr/local/Cellar/gcc-cross-m68k@13/13.1.0/lib/gcc/m68k-elf/13.1.0/m68000//libgcc.a(_divsi3.o)
 .debug_line    0x00000000       0x5c /usr/local/Cellar/gcc-cross-m68k@13/13.1.0/lib/gcc/m68k-elf/13.1.0/m68000//libgcc.a(_divsi3.o)
 .debug_line_str
                0x00000000       0x86 /usr/local/Cellar/gcc-cross-m68k@13/13.1.0/lib/gcc/m68k-elf/13.1.0/m68000//libgcc.a(_divsi3.o)
 .debug_info    0x00000000       0x24 /usr/local/Cellar/gcc-cross-m68k@13/13.1.0/lib/gcc/m68k-elf/13.1.0/m68000//libgcc.a(_divsi3.o)
 .debug_abbrev  0x00000000       0x14 /usr/local/Cellar/gcc-cross-m68k@13/13.1.0/lib/gcc/m68k-elf/13.1.0/m68000//libgcc.a(_divsi3.o)
 .debug_aranges
                0x00000000       0x20 /usr/local/Cellar/gcc-cross-m68k@13/13.1.0/lib/gcc/m68k-elf/13.1.0/m68000//libgcc.a(_divsi3.o)
 .debug_str     0x00000000       0x92 /usr/local/Cellar/gcc-cross-m68k@13/13.1.0/lib/gcc/m68k-elf/13.1.0/m68000//libgcc.a(_divsi3.o)
 .data          0x00000000        0x0 /usr/local/Cellar/gcc-cross-m68k@13/13.1.0/lib/gcc/m68k-elf/13.1.0/m68000//libgcc.a(_umodsi3.o)
 .bss           0x00000000        0x0 /usr/local/Cellar/gcc-cross-m68k@13/13.1.0/lib/gcc/m68k-elf/13.1.0/m68000//libgcc.a(_umodsi3.o)
 .data          0x00000000        0x0 /usr/local/Cellar/gcc-cross-m68k@13/13.1.0/lib/gcc/m68k-elf/13.1.0/m68000//libgcc.a(_mulsi3.o)
 .bss           0x00000000        0x0 /usr/local/Cellar/gcc-cross-m68k@13/13.1.0/lib/gcc/m68k-elf/13.1.0/m68000//libgcc.a(_mulsi3.o)

Memory Configuration

Name             Origin             Length             Attributes
RAM              0x00000000         0x00100000
EXP_RAM          0x00100000         0x00d00000
ROM              0x00e00000         0x00100000
IO_SPACE         0x00f00000         0x00100000
*default*        0x00000000         0xffffffff

Linker script and memory map

                [!provide]                        PROVIDE (_STACK_SIZE = 0x4000)
                [!provide]                        PROVIDE (_INITIAL_STACK = 0x0)
                [!provide]                        PROVIDE (_WARM_BOOT = 0x4)
                [!provide]                        PROVIDE (_MFP_VECTORS = 0x100)
                [!provide]                        PROVIDE (_SDB = 0x400)
                [!provide]                        PROVIDE (_SDB_MAGIC = 0x400)
                [!provide]                        PROVIDE (_SDB_STATUS = 0x404)
                [!provide]                        PROVIDE (_SDB_RSRVD_408 = 0x408)
                0x0000040c                        PROVIDE (_TIMER_100HZ = 0x40c)
                [!provide]                        PROVIDE (_EASY68K_ECHOON = 0x410)
                [!provide]                        PROVIDE (_EASY68K_PROMPT = 0x411)
                [!provide]                        PROVIDE (_EASY68K_SHOWLF = 0x412)
                [!provide]                        PROVIDE (_SDB_RSRVD_413 = 0x413)
                [!provide]                        PROVIDE (_SDB_MEM_SIZE = 0x414)
                [!provide]                        PROVIDE (_SDB_UART_BASE = 0x418)
                [!provide]                        PROVIDE (_SDB_CPU_INFO = 0x41c)
                [!provide]                        PROVIDE (_EFP_TABLE = 0x420)
                [!provide]                        PROVIDE (_EFP_PRINT = 0x420)
                [!provide]                        PROVIDE (_EFP_PRINTLN = 0x424)
                [!provide]                        PROVIDE (_EFP_PRINTCHAR = 0x428)
                [!provide]                        PROVIDE (_EFP_HALT = 0x42c)
                [!provide]                        PROVIDE (_EFP_SENDCHAR = 0x430)
                [!provide]                        PROVIDE (_EFP_RECVCHAR = 0x434)
                [!provide]                        PROVIDE (_EFP_CLRSCR = 0x438)
                [!provide]                        PROVIDE (_EFP_MOVEXY = 0x43c)
                [!provide]                        PROVIDE (_EFP_SETCURSOR = 0x440)
                [!provide]                        PROVIDE (_EFP_CHECKCHAR = 0x444)
                [!provide]                        PROVIDE (_EFP_PROGLOADER = 0x448)
                [!provide]                        PROVIDE (_EFP_SD_INIT = 0x44c)
                [!provide]                        PROVIDE (_EFP_SD_READ = 0x450)
                [!provide]                        PROVIDE (_EFP_SD_WRITE = 0x454)
                [!provide]                        PROVIDE (_EFP_SD_REG = 0x458)
                [!provide]                        PROVIDE (_EFP_SPI_INIT = 0x45c)
                [!provide]                        PROVIDE (_EFP_SPI_CS_A = 0x460)
                [!provide]                        PROVIDE (_EFP_SPI_CS_D = 0x464)
                [!provide]                        PROVIDE (_EFP_SPI_XFER_B = 0x468)
                [!provide]                        PROVIDE (_EFP_SPI_XFER_M = 0x46c)
                [!provide]                        PROVIDE (_EFP_SPI_RECV_B = 0x470)
                [!provide]                        PROVIDE (_EFP_SPI_RECV_M = 0x474)
                [!provide]                        PROVIDE (_EFP_SPI_SEND_B = 0x478)
                [!provide]                        PROVIDE (_EFP_SPI_SEND_M = 0x47c)
                [!provide]                        PROVIDE (_EFP_ATA_INIT = 0x480)
                [!provide]                        PROVIDE (_EFP_ATA_READ = 0x484)
                [!provide]                        PROVIDE (_EFP_ATA_WRITE = 0x488)
                [!provide]                        PROVIDE (_EFP_ATA_IDENT = 0x48c)
                [!provide]                        PROVIDE (_EFP_INPUTCHAR = 0x494)
                [!provide]                        PROVIDE (_EFP_CHECKINPUT = 0x498)
                [!provide]                        PROVIDE (_FIRMWARE = 0xe00000)
                [!provide]                        PROVIDE (_FIRMWARE_REV = 0xe00400)
                0x00040000                        PROVIDE (_LOAD_ADDRESS = 0x40000)
                0x00002000                        PROVIDE (_RUN_ADDRESS = 0x2000)

.text.init      0x00002000       0x22 load address 0x00040000
                0x00002000                        _init = .
 *(.init)
 .init          0x00002000       0x22 /Users/rosco/Development/rosco-m68k/rosco_m68k/code/software/libs/build/lib/libstart_serial.a(init.o)
                0x00002022                        _init_end = .

.text.postinit  0x00002024       0xa0 load address 0x00040024
                0x00002024                        _postinit = .
 *(.postinit)
 .postinit      0x00002024       0xa0 /Users/rosco/Development/rosco-m68k/rosco_m68k/code/software/libs/build/lib/libstart_serial.a(init.o)
                0x0000203e                _start
                0x00002080                CALL_CTORS
                0x000020a2                CALL_DTORS
                0x000020c4                        . = ALIGN (0x4)
                0x000020c4                        _postinit_end = .

.text           0x000020c4     0x15bc load address 0x000400c4
                0x000020c4                        _code = .
 *(.text*)
 .text.memcheck
                0x000020c4      0x364 kmain.o
                0x000020c4                memcheck
 .text.kmain    0x00002428       0x36 kmain.o
                0x00002428                kmain
 .text._out_null
                0x0000245e        0x2 /Users/rosco/Development/rosco-m68k/rosco_m68k/code/software/libs/build/lib/libprintf.a(printf-nofloat.o)
 .text._ntoa_long
                0x00002460      0x65c /Users/rosco/Development/rosco-m68k/rosco_m68k/code/software/libs/build/lib/libprintf.a(printf-nofloat.o)
 .text._out_char
                0x00002abc       0x18 /Users/rosco/Development/rosco-m68k/rosco_m68k/code/software/libs/build/lib/libprintf.a(printf-nofloat.o)
 .text._vsnprintf
                0x00002ad4      0x80c /Users/rosco/Development/rosco-m68k/rosco_m68k/code/software/libs/build/lib/libprintf.a(printf-nofloat.o)
 .text.printf_  0x000032e0       0x28 /Users/rosco/Development/rosco-m68k/rosco_m68k/code/software/libs/build/lib/libprintf.a(printf-nofloat.o)
                0x000032e0                printf_
 .text._putchar
                0x00003308       0x42 /Users/rosco/Development/rosco-m68k/rosco_m68k/code/software/libs/build/lib/libprintf.a(putchar.o)
                0x00003308                _putchar
 .text.mcPrint  0x0000334a       0x12 /Users/rosco/Development/rosco-m68k/rosco_m68k/code/software/libs/build/lib/libmachine.a(machine.o)
                0x0000334a                mcPrint
 .text.mcInputchar
                0x0000335c        0xa /Users/rosco/Development/rosco-m68k/rosco_m68k/code/software/libs/build/lib/libmachine.a(machine.o)
                0x0000335c                mcInputchar
 .text.mcCheckInput
                0x00003366        0xe /Users/rosco/Development/rosco-m68k/rosco_m68k/code/software/libs/build/lib/libmachine.a(machine.o)
                0x00003366                mcCheckInput
 .text.__kinit  0x00003374       0x2c /Users/rosco/Development/rosco-m68k/rosco_m68k/code/software/libs/build/lib/libstart_serial.a(kinit.o)
                0x00003374                __kinit
 .text.__cxa_finalize
                0x000033a0       0x70 /Users/rosco/Development/rosco-m68k/rosco_m68k/code/software/libs/build/lib/libstart_serial.a(kinit.o)
                0x000033a0                __cxa_finalize
 .text          0x00003410       0x5c /usr/local/Cellar/gcc-cross-m68k@13/13.1.0/lib/gcc/m68k-elf/13.1.0/m68000//libgcc.a(_udivsi3.o)
                0x00003410                __udivsi3_internal
                0x00003410                __udivsi3
 .text          0x0000346c       0x2e /usr/local/Cellar/gcc-cross-m68k@13/13.1.0/lib/gcc/m68k-elf/13.1.0/m68000//libgcc.a(_umodsi3.o)
                0x0000346c                __umodsi3
 *fill*         0x0000349a        0x2 
 .text          0x0000349c       0x22 /usr/local/Cellar/gcc-cross-m68k@13/13.1.0/lib/gcc/m68k-elf/13.1.0/m68000//libgcc.a(_mulsi3.o)
                0x0000349c                __mulsi3_internal
                0x0000349c                __mulsi3
 *(.rodata*)
 .rodata.memcheck.str1.1
                0x000034be      0x1a0 kmain.o
 .rodata.kmain.str1.1
                0x0000365e       0x22 kmain.o
                0x00003680                        _code_end = .
                0x00003680                        . = DATA_SEGMENT_ALIGN (CONSTANT (MAXPAGESIZE), CONSTANT (COMMONPAGESIZE))

.ctors          0x00003680        0x0
                0x00003680                        _ctors = .
 *(.ctors)
 *(SORT_BY_NAME(.ctors.*))
                0x00003680                        _ctors_end = .

.dtors          0x00003680        0x0
                0x00003680                        _dtors = .
 *(SORT_BY_NAME(.dtors.*))
 *(.dtors)
                0x00003680                        _dtors_end = .

.data           0x00003680        0x8 load address 0x00041680
                0x00003680                        _data_start = .
 *(.data*)
 .data.salt.0   0x00003680        0x4 kmain.o
 .data.crbuf    0x00003684        0x2 /Users/rosco/Development/rosco-m68k/rosco_m68k/code/software/libs/build/lib/libprintf.a(putchar.o)
                0x00003688                        . = ALIGN (0x4)
 *fill*         0x00003686        0x2 
                0x00003688                        _data_end = .

.bss            0x00003688     0x3820 load address 0x00041688
                0x00003688                        _bss_start = .
 *(.bss*)
 .bss.lfsr_val  0x00003688        0x4 kmain.o
 .bss.start_state
                0x0000368c        0x8 kmain.o
 .bss.buf       0x00003694        0x2 /Users/rosco/Development/rosco-m68k/rosco_m68k/code/software/libs/build/lib/libprintf.a(putchar.o)
 *fill*         0x00003696        0xa 
 .bss           0x000036a0        0x4 /Users/rosco/Development/rosco-m68k/rosco_m68k/code/software/libs/build/lib/libstart_serial.a(init.o)
 .bss.cxa_atexit_count
                0x000036a4        0x2 /Users/rosco/Development/rosco-m68k/rosco_m68k/code/software/libs/build/lib/libstart_serial.a(kinit.o)
 .bss.cxa_atexits
                0x000036a6     0x3800 /Users/rosco/Development/rosco-m68k/rosco_m68k/code/software/libs/build/lib/libstart_serial.a(kinit.o)
 *(COMMON)
                0x00006ea8                        . = ALIGN (0x4)
 *fill*         0x00006ea6        0x2 
                0x00006ea8                        _bss_end = .
                0x00006ea8                        . = DATA_SEGMENT_END (.)
                0x00006ea8                        _end = .
LOAD kmain.o
LOAD /Users/rosco/Development/rosco-m68k/rosco_m68k/code/software/libs/build/lib/libprintf.a
LOAD /Users/rosco/Development/rosco-m68k/rosco_m68k/code/software/libs/build/lib/libcstdlib.a
LOAD /Users/rosco/Development/rosco-m68k/rosco_m68k/code/software/libs/build/lib/libmachine.a
LOAD /Users/rosco/Development/rosco-m68k/rosco_m68k/code/software/libs/build/lib/libstart_serial.a
LOAD /usr/local/Cellar/gcc-cross-m68k@13/13.1.0/lib/gcc/m68k-elf/13.1.0/m68000//libgcc.a
OUTPUT(xoseram_test.elf elf32-m68k)

.debug_info     0x00000000     0x17c9
 .debug_info    0x00000000      0x764 kmain.o
 .debug_info    0x00000764      0xca1 /Users/rosco/Development/rosco-m68k/rosco_m68k/code/software/libs/build/lib/libprintf.a(printf-nofloat.o)
 .debug_info    0x00001405      0x104 /Users/rosco/Development/rosco-m68k/rosco_m68k/code/software/libs/build/lib/libprintf.a(putchar.o)
 .debug_info    0x00001509      0x254 /Users/rosco/Development/rosco-m68k/rosco_m68k/code/software/libs/build/lib/libstart_serial.a(kinit.o)
 .debug_info    0x0000175d       0x24 /usr/local/Cellar/gcc-cross-m68k@13/13.1.0/lib/gcc/m68k-elf/13.1.0/m68000//libgcc.a(_udivsi3.o)
 .debug_info    0x00001781       0x24 /usr/local/Cellar/gcc-cross-m68k@13/13.1.0/lib/gcc/m68k-elf/13.1.0/m68000//libgcc.a(_umodsi3.o)
 .debug_info    0x000017a5       0x24 /usr/local/Cellar/gcc-cross-m68k@13/13.1.0/lib/gcc/m68k-elf/13.1.0/m68000//libgcc.a(_mulsi3.o)

.debug_abbrev   0x00000000      0x85e
 .debug_abbrev  0x00000000      0x280 kmain.o
 .debug_abbrev  0x00000280      0x358 /Users/rosco/Development/rosco-m68k/rosco_m68k/code/software/libs/build/lib/libprintf.a(printf-nofloat.o)
 .debug_abbrev  0x000005d8       0xc2 /Users/rosco/Development/rosco-m68k/rosco_m68k/code/software/libs/build/lib/libprintf.a(putchar.o)
 .debug_abbrev  0x0000069a      0x188 /Users/rosco/Development/rosco-m68k/rosco_m68k/code/software/libs/build/lib/libstart_serial.a(kinit.o)
 .debug_abbrev  0x00000822       0x14 /usr/local/Cellar/gcc-cross-m68k@13/13.1.0/lib/gcc/m68k-elf/13.1.0/m68000//libgcc.a(_udivsi3.o)
 .debug_abbrev  0x00000836       0x14 /usr/local/Cellar/gcc-cross-m68k@13/13.1.0/lib/gcc/m68k-elf/13.1.0/m68000//libgcc.a(_umodsi3.o)
 .debug_abbrev  0x0000084a       0x14 /usr/local/Cellar/gcc-cross-m68k@13/13.1.0/lib/gcc/m68k-elf/13.1.0/m68000//libgcc.a(_mulsi3.o)

.debug_loclists
                0x00000000     0x1d3c
 .debug_loclists
                0x00000000      0x563 kmain.o
 .debug_loclists
                0x00000563     0x1759 /Users/rosco/Development/rosco-m68k/rosco_m68k/code/software/libs/build/lib/libprintf.a(printf-nofloat.o)
 .debug_loclists
                0x00001cbc       0x80 /Users/rosco/Development/rosco-m68k/rosco_m68k/code/software/libs/build/lib/libstart_serial.a(kinit.o)

.debug_aranges  0x00000000      0x168
 .debug_aranges
                0x00000000       0x40 kmain.o
 .debug_aranges
                0x00000040       0x78 /Users/rosco/Development/rosco-m68k/rosco_m68k/code/software/libs/build/lib/libprintf.a(printf-nofloat.o)
 .debug_aranges
                0x000000b8       0x20 /Users/rosco/Development/rosco-m68k/rosco_m68k/code/software/libs/build/lib/libprintf.a(putchar.o)
 .debug_aranges
                0x000000d8       0x30 /Users/rosco/Development/rosco-m68k/rosco_m68k/code/software/libs/build/lib/libstart_serial.a(kinit.o)
 .debug_aranges
                0x00000108       0x20 /usr/local/Cellar/gcc-cross-m68k@13/13.1.0/lib/gcc/m68k-elf/13.1.0/m68000//libgcc.a(_udivsi3.o)
 .debug_aranges
                0x00000128       0x20 /usr/local/Cellar/gcc-cross-m68k@13/13.1.0/lib/gcc/m68k-elf/13.1.0/m68000//libgcc.a(_umodsi3.o)
 .debug_aranges
                0x00000148       0x20 /usr/local/Cellar/gcc-cross-m68k@13/13.1.0/lib/gcc/m68k-elf/13.1.0/m68000//libgcc.a(_mulsi3.o)

.debug_rnglists
                0x00000000      0x384
 .debug_rnglists
                0x00000000      0x10a kmain.o
 .debug_rnglists
                0x0000010a      0x230 /Users/rosco/Development/rosco-m68k/rosco_m68k/code/software/libs/build/lib/libprintf.a(printf-nofloat.o)
 .debug_rnglists
                0x0000033a       0x13 /Users/rosco/Development/rosco-m68k/rosco_m68k/code/software/libs/build/lib/libprintf.a(putchar.o)
 .debug_rnglists
                0x0000034d       0x37 /Users/rosco/Development/rosco-m68k/rosco_m68k/code/software/libs/build/lib/libstart_serial.a(kinit.o)

.debug_line     0x00000000     0x1b8c
 .debug_line    0x00000000      0x757 kmain.o
 .debug_line    0x00000757     0x10e9 /Users/rosco/Development/rosco-m68k/rosco_m68k/code/software/libs/build/lib/libprintf.a(printf-nofloat.o)
 .debug_line    0x00001840       0x9a /Users/rosco/Development/rosco-m68k/rosco_m68k/code/software/libs/build/lib/libprintf.a(putchar.o)
 .debug_line    0x000018da      0x199 /Users/rosco/Development/rosco-m68k/rosco_m68k/code/software/libs/build/lib/libstart_serial.a(kinit.o)
 .debug_line    0x00001a73       0x6d /usr/local/Cellar/gcc-cross-m68k@13/13.1.0/lib/gcc/m68k-elf/13.1.0/m68000//libgcc.a(_udivsi3.o)
 .debug_line    0x00001ae0       0x58 /usr/local/Cellar/gcc-cross-m68k@13/13.1.0/lib/gcc/m68k-elf/13.1.0/m68000//libgcc.a(_umodsi3.o)
 .debug_line    0x00001b38       0x54 /usr/local/Cellar/gcc-cross-m68k@13/13.1.0/lib/gcc/m68k-elf/13.1.0/m68000//libgcc.a(_mulsi3.o)

.debug_str      0x00000000      0x615
 .debug_str     0x00000000      0x2a5 kmain.o
                                0x30f (size before relaxing)
 .debug_str     0x000002a5      0x21a /Users/rosco/Development/rosco-m68k/rosco_m68k/code/software/libs/build/lib/libprintf.a(printf-nofloat.o)
                                0x2f9 (size before relaxing)
 .debug_str     0x000004bf       0x23 /Users/rosco/Development/rosco-m68k/rosco_m68k/code/software/libs/build/lib/libprintf.a(putchar.o)
                                0x175 (size before relaxing)
 .debug_str     0x000004e2       0xa1 /Users/rosco/Development/rosco-m68k/rosco_m68k/code/software/libs/build/lib/libstart_serial.a(kinit.o)
                                0x22f (size before relaxing)
 .debug_str     0x00000583       0x92 /usr/local/Cellar/gcc-cross-m68k@13/13.1.0/lib/gcc/m68k-elf/13.1.0/m68000//libgcc.a(_udivsi3.o)
 .debug_str     0x00000615       0x92 /usr/local/Cellar/gcc-cross-m68k@13/13.1.0/lib/gcc/m68k-elf/13.1.0/m68000//libgcc.a(_umodsi3.o)
 .debug_str     0x00000615       0x92 /usr/local/Cellar/gcc-cross-m68k@13/13.1.0/lib/gcc/m68k-elf/13.1.0/m68000//libgcc.a(_mulsi3.o)

.comment        0x00000000       0x12
 .comment       0x00000000       0x12 kmain.o
                                 0x13 (size before relaxing)
 .comment       0x00000012       0x13 /Users/rosco/Development/rosco-m68k/rosco_m68k/code/software/libs/build/lib/libprintf.a(printf-nofloat.o)
 .comment       0x00000012       0x13 /Users/rosco/Development/rosco-m68k/rosco_m68k/code/software/libs/build/lib/libprintf.a(putchar.o)
 .comment       0x00000012       0x13 /Users/rosco/Development/rosco-m68k/rosco_m68k/code/software/libs/build/lib/libstart_serial.a(kinit.o)

.debug_frame    0x00000000      0x5dc
 .debug_frame   0x00000000      0x214 kmain.o
 .debug_frame   0x00000214      0x344 /Users/rosco/Development/rosco-m68k/rosco_m68k/code/software/libs/build/lib/libprintf.a(printf-nofloat.o)
 .debug_frame   0x00000558       0x30 /Users/rosco/Development/rosco-m68k/rosco_m68k/code/software/libs/build/lib/libprintf.a(putchar.o)
 .debug_frame   0x00000588       0x54 /Users/rosco/Development/rosco-m68k/rosco_m68k/code/software/libs/build/lib/libstart_serial.a(kinit.o)

.debug_line_str
                0x00000000       0x86
 .debug_line_str
                0x00000000       0x86 /usr/local/Cellar/gcc-cross-m68k@13/13.1.0/lib/gcc/m68k-elf/13.1.0/m68000//libgcc.a(_udivsi3.o)
 .debug_line_str
                0x00000086       0x86 /usr/local/Cellar/gcc-cross-m68k@13/13.1.0/lib/gcc/m68k-elf/13.1.0/m68000//libgcc.a(_umodsi3.o)
 .debug_line_str
                0x00000086       0x86 /usr/local/Cellar/gcc-cross-m68k@13/13.1.0/lib/gcc/m68k-elf/13.1.0/m68000//libgcc.a(_mulsi3.o)
